40
80 0
80 32
59 32
59 15
54 15
54 47
22 47
22 84
53 84
53 28
68 28
68 40
60 40
60 11
61 11
61 100
16 100
16 83
64 83
64 20
20 20
20 6
32 6
32 2
50 2
50 98
72 98
72 37
66 37
66 4
18 4
18 94
41 94
41 25
97 25
97 99
30 99
30 86
74 86
74 49
